%% OpTeX <1.04+ Aug.2021> - REF file
\Xrefversion{6}
% \refdecl:
 \def \Xcreatedest #1{\sxdef {dest!#1}{}} 
\Xcreatedest{v:Da/1:1}
\Xcreatedest{v:Da/2:1}
\Xcreatedest{v:Da/3:1}
\Xcreatedest{v:Da/4:1}
\Xcreatedest{v:Da/5:1}
\Xcreatedest{v:Da/6:1}
\Xcreatedest{v:Jr/46:2}
\Xcreatedest{v:2Kr/24:1}
\Xcreatedest{v:2Pa/36:5}
\Xcreatedest{v:2Kr/24:10}
\Xcreatedest{v:2Kr/25:1}
\Xcreatedest{v:Da/1:1}
\Xcreatedest{v:Jr/25:1}
\Xcreatedest{v:Jr/46:2}
\Xcreatedest{v:2Kr/17:15}
\Xcreatedest{v:2Kr/17:18}
\Xcreatedest{v:2Kr/21:12}
\Xcreatedest{v:2Kr/24:3}
\Xcreatedest{v:Jr/50:2}
\Xcreatedest{v:2Kr/25:27}
\Xcreatedest{v:Lv/11:1}
\Xcreatedest{v:Lv/17:10}
\Xcreatedest{v:Gn/1:39}
\_Xpage{1}{1}
\_Xfnote
\_Xfnote
\_Xfnote
\_Xfnote
\_Xfnote
\_Xfnote
\_Xfnote
\_Xfnote
\_Xfnote
\_Xfnote
\_Xfnote
\_Xfnote
\_Xfnote
\Xcreatedest{v:Dt/8:3}
\Xcreatedest{v:Mt/4:4}
\Xcreatedest{v:Da/1:14}
\Xcreatedest{v:Ez/28:3}
\Xcreatedest{v:Gn/40:8}
\Xcreatedest{v:Ge/41:16}
\Xcreatedest{n:Da/1:12}
\Xcreatedest{n:Gn/41:8}
\Xcreatedest{v:Da/10:1}
\_Xpage{2}{2}
\_Xfnote
\_Xfnote
\_Xfnote
\_Xfnote
\_Xfnote
\_Xfnote
\_Xfnote
\_Xfnote
\_Xpage{3}{3}
\_Xpage{4}{4}
\Xcreatedest{v:P/4:30}
\Xcreatedest{v:Da/4:20}
\Xcreatedest{v:Da/4:22}
\Xcreatedest{v:Da/4:30}
\_Xpage{5}{5}
\_Xfnote
\_Xfnote
\_Xfnote
\Xcreatedest{n:Da/1:7}
\_Xpage{6}{6}
\_Xfnote
\Xcreatedest{v:Ezd/1:3}
\Xcreatedest{v:Iz/44:28}
\Xcreatedest{v:Iz/45:4}
\_Xpage{7}{7}
\Xcreatedest{v:Da/7:1}
\Xcreatedest{v:Da/8:1}
\Xcreatedest{v:Da/9:1}
\Xcreatedest{v:Da/10:1}
\Xcreatedest{v:Da/12:13}
\Xcreatedest{v:Da/7:17}
\Xcreatedest{v:Da/7:23}
\Xcreatedest{v:Da/7:17}
\Xcreatedest{v:Iz/17:12}
\Xcreatedest{v:Iz/57:20}
\Xcreatedest{v:Jr/50:44}
\Xcreatedest{v:Ez/17:3}
\Xcreatedest{v:Da/4:31}
\Xcreatedest{n:Da/8:3}
\Xcreatedest{v:Da/8:5}
\Xcreatedest{v:Da/7:24}
\Xcreatedest{v:2Te/2:3}
\Xcreatedest{v:Ez/1:15}
\Xcreatedest{v:Ex/13:21}
\Xcreatedest{v:Da/7:13}
\Xcreatedest{v:Da/7:22}
\_Xpage{8}{8}
\_Xfnote
\_Xfnote
\_Xfnote
\_Xfnote
\_Xfnote
\_Xfnote
\_Xfnote
\_Xfnote
\_Xfnote
\_Xfnote
\_Xfnote
\Xcreatedest{v:Da/8:17}
\Xcreatedest{v:Ez/2:1}
\Xcreatedest{v:Ez/2:3}
\Xcreatedest{v:Ez/2:6}
\Xcreatedest{v:Da/7:14}
\Xcreatedest{n:Da/5:1}
\_Xpage{9}{9}
\_Xfnote
\_Xfnote
\_Xfnote
\_Xfnote
\_Xfnote
\Xcreatedest{v:Jr/25:11}
\Xcreatedest{v:Da/9:11}
\Xcreatedest{v:Lv/26:18}
\Xcreatedest{v:Jr/18:8}
\_Xpage{10}{10}
\_Xfnote
\_Xfnote
\Xcreatedest{v:Jr/29:16}
\_Xpage{11}{11}
\_Xfnote
\_Xfnote
\_Xpage{12}{12}
\_Xfnote
\_Xfnote
\_Xfnote
\_Xpage{13}{13}
\_Xpage{14}{14}
