%% OpTeX <1.04+ Aug.2021> - REF file
\Xrefversion{6}
% \refdecl:
 \def \Xcreatedest #1{\sxdef {dest!#1}{}} 
\_Xpage{1}{1}
\_Xfnote
\_Xfnote
\_Xfnote
\_Xfnote
\_Xfnote
\_Xfnote
\_Xfnote
\_Xfnote
\_Xfnote
\_Xfnote
\_Xfnote
\_Xfnote
\_Xfnote
\_Xpage{2}{2}
\_Xfnote
\_Xfnote
\_Xfnote
\_Xfnote
\_Xfnote
\_Xfnote
\_Xfnote
\_Xfnote
\_Xpage{3}{3}
\_Xpage{4}{4}
\_Xpage{5}{5}
\_Xfnote
\_Xfnote
\_Xfnote
\_Xpage{6}{6}
\_Xfnote
\_Xpage{7}{7}
\_Xpage{8}{8}
\_Xfnote
\_Xfnote
\_Xfnote
\_Xfnote
\_Xfnote
\_Xfnote
\_Xfnote
\_Xfnote
\_Xfnote
\_Xfnote
\_Xfnote
\_Xpage{9}{9}
\_Xfnote
\_Xfnote
\_Xfnote
\_Xfnote
\_Xfnote
\_Xpage{10}{10}
\_Xfnote
\_Xfnote
\_Xpage{11}{11}
\_Xfnote
\_Xfnote
\_Xpage{12}{12}
\_Xfnote
\_Xfnote
\_Xfnote
\_Xpage{13}{13}
\_Xpage{14}{14}
